# mean, investigation_time=50.0, imt="PGA", checksum=3190932410
lon,lat,depth,poe-0.0137,poe-0.0192,poe-0.0269,poe-0.0376,poe-0.0527,poe-0.0738,poe-0.103,poe-0.145,poe-0.203,poe-0.284,poe-0.397,poe-0.556,poe-0.778,poe-1.09
0.50000,-0.50000,0.00000,9.279056E-02,9.112627E-02,8.615047E-02,7.557168E-02,5.858196E-02,3.820519E-02,1.999377E-02,7.673834E-03,2.085798E-03,3.510677E-04,2.561514E-05,0.000000E+00,0.000000E+00,0.000000E+00
