asset_ref,cresta,occupancy,state,taxonomy,lon,lat,business_interruption,contents,nonstructural,occupants,structural,business_interruption_ins,contents_ins,nonstructural_ins,occupants_ins,structural_ins
a3,"0.21","Com","02","tax1",-122.57000,38.11300,3.89180E+01,1.97318E+02,2.95977E+02,7.78361E-04,0.00000E+00,1.31250E+00,1.31250E+00,1.31250E+00,0.00000E+00,0.00000E+00
a2,"0.12","Res","01","tax2",-122.11400,38.11300,3.15238E+02,2.95905E+03,4.32504E+03,6.30476E-03,1.83996E+02,7.00000E+00,7.00000E+00,7.00000E+00,0.00000E+00,1.18125E+00
a5,"0.23","Res","02","tax1",-122.00000,37.91000,1.53956E+02,8.01488E+02,1.20223E+03,3.07913E-03,0.00000E+00,4.72500E+00,4.72500E+00,4.72500E+00,0.00000E+00,0.00000E+00
a4,"0.22","Res","02","tax3",-122.00000,38.00000,2.51827E+02,1.25254E+03,1.91953E+03,5.03654E-03,6.40259E+01,6.38750E+00,6.12500E+00,6.65000E+00,0.00000E+00,3.93750E-01
a1,"0.11","Res","01","tax1",-122.00000,38.11300,3.16335E+02,1.77975E+03,2.66963E+03,6.32669E-03,3.66689E+02,7.00000E+00,7.00000E+00,7.00000E+00,0.00000E+00,2.36250E+00
a6,"0.31","Res","03","tax2",-122.00000,38.22500,2.80493E+02,2.37800E+03,3.56700E+03,5.60987E-03,1.94789E+02,6.65000E+00,7.00000E+00,7.00000E+00,0.00000E+00,1.18125E+00
a7,"0.32","Res","03","tax1",-121.88600,38.11300,3.43138E+02,1.95594E+03,2.93390E+03,6.86276E-03,4.99355E+02,6.91250E+00,6.91250E+00,6.91250E+00,0.00000E+00,2.53750E+00
