asset_ref,cresta,occupancy,state,taxonomy,lon,lat,business_interruption,contents,nonstructural,occupants,structural,business_interruption_ins,contents_ins,nonstructural_ins,occupants_ins,structural_ins
a3,"0.21","Com","02","tax1",-122.57000,38.11300,0.00000E+00,0.00000E+00,0.00000E+00,0.00000E+00,0.00000E+00,0.00000E+00,0.00000E+00,0.00000E+00,0.00000E+00,0.00000E+00
a2,"0.12","Res","01","tax2",-122.11400,38.11300,1.11378E+03,1.01268E+04,1.51901E+04,2.22756E-02,5.26917E+02,2.48889E+01,2.48889E+01,2.48889E+01,0.00000E+00,3.50000E+00
a5,"0.23","Res","02","tax1",-122.00000,37.91000,6.49757E+02,3.32134E+03,4.98201E+03,1.29951E-02,0.00000E+00,1.55556E+01,1.55556E+01,1.55556E+01,0.00000E+00,0.00000E+00
a4,"0.22","Res","02","tax3",-122.00000,38.00000,8.31775E+02,4.41874E+03,6.79529E+03,1.66355E-02,0.00000E+00,2.45000E+01,2.17778E+01,2.45000E+01,0.00000E+00,0.00000E+00
a1,"0.11","Res","01","tax1",-122.00000,38.11300,1.11667E+03,6.12243E+03,9.18364E+03,2.23334E-02,0.00000E+00,2.48889E+01,2.48889E+01,2.48889E+01,0.00000E+00,0.00000E+00
a6,"0.31","Res","03","tax2",-122.00000,38.22500,9.36319E+02,8.50205E+03,1.27531E+04,1.87264E-02,5.33361E+02,2.45000E+01,2.48889E+01,2.48889E+01,0.00000E+00,3.50000E+00
a7,"0.32","Res","03","tax1",-121.88600,38.11300,1.20898E+03,6.72353E+03,1.00853E+04,2.41796E-02,1.16898E+03,2.68333E+01,2.68333E+01,2.68333E+01,0.00000E+00,7.00000E+00
