asset_ref,cresta,occupancy,state,taxonomy,lon,lat,business_interruption~poe-0.02,business_interruption~poe-0.1,contents~poe-0.02,contents~poe-0.1,nonstructural~poe-0.02,nonstructural~poe-0.1,occupants~poe-0.02,occupants~poe-0.1,structural~poe-0.02,structural~poe-0.1,business_interruption_ins~poe-0.02,business_interruption_ins~poe-0.1,contents_ins~poe-0.02,contents_ins~poe-0.1,nonstructural_ins~poe-0.02,nonstructural_ins~poe-0.1,occupants_ins~poe-0.02,occupants_ins~poe-0.1,structural_ins~poe-0.02,structural_ins~poe-0.1
a3,"0.21","Com","02","tax1",-122.57000,38.11300,0.00000E+00,0.00000E+00,0.00000E+00,0.00000E+00,0.00000E+00,0.00000E+00,0.00000E+00,0.00000E+00,0.00000E+00,0.00000E+00,0.00000E+00,0.00000E+00,0.00000E+00,0.00000E+00,0.00000E+00,0.00000E+00,0.00000E+00,0.00000E+00,0.00000E+00,0.00000E+00
a2,"0.12","Res","01","tax2",-122.11400,38.11300,4.22189E+01,4.22189E+01,5.40565E+02,5.40565E+02,8.10847E+02,8.10847E+02,8.44377E-04,8.44377E-04,1.05383E+02,1.05383E+02,7.00000E-01,7.00000E-01,7.00000E-01,7.00000E-01,7.00000E-01,7.00000E-01,0.00000E+00,0.00000E+00,7.00000E-01,7.00000E-01
a5,"0.23","Res","02","tax1",-122.00000,37.91000,2.25939E+01,2.25939E+01,1.17362E+02,1.17362E+02,1.76043E+02,1.76043E+02,4.51878E-04,4.51878E-04,0.00000E+00,0.00000E+00,7.00000E-01,7.00000E-01,7.00000E-01,7.00000E-01,7.00000E-01,7.00000E-01,0.00000E+00,0.00000E+00,0.00000E+00,0.00000E+00
a4,"0.22","Res","02","tax3",-122.00000,38.00000,3.11635E+01,3.11635E+01,1.85038E+02,1.85038E+02,2.24017E+02,2.24017E+02,6.23271E-04,6.23271E-04,0.00000E+00,0.00000E+00,7.00000E-01,7.00000E-01,7.00000E-01,7.00000E-01,7.00000E-01,7.00000E-01,0.00000E+00,0.00000E+00,0.00000E+00,0.00000E+00
a1,"0.11","Res","01","tax1",-122.00000,38.11300,3.60293E+01,3.60293E+01,2.04563E+02,2.04563E+02,3.06845E+02,3.06845E+02,7.20586E-04,7.20586E-04,0.00000E+00,0.00000E+00,7.00000E-01,7.00000E-01,7.00000E-01,7.00000E-01,7.00000E-01,7.00000E-01,0.00000E+00,0.00000E+00,0.00000E+00,0.00000E+00
a6,"0.31","Res","03","tax2",-122.00000,38.22500,4.29223E+01,4.29223E+01,3.87639E+02,3.87639E+02,5.81458E+02,5.81458E+02,8.58446E-04,8.58446E-04,1.06672E+02,1.06672E+02,7.00000E-01,7.00000E-01,7.00000E-01,7.00000E-01,7.00000E-01,7.00000E-01,0.00000E+00,0.00000E+00,7.00000E-01,7.00000E-01
a7,"0.32","Res","03","tax1",-121.88600,38.11300,4.53456E+01,4.53456E+01,2.66103E+02,2.66103E+02,3.99155E+02,3.99155E+02,9.06912E-04,9.06912E-04,1.20567E+02,1.20567E+02,7.00000E-01,7.00000E-01,7.00000E-01,7.00000E-01,7.00000E-01,7.00000E-01,0.00000E+00,0.00000E+00,7.00000E-01,7.00000E-01
