asset_ref,cresta,occupancy,state,taxonomy,lon,lat,business_interruption~poe-0.02,business_interruption~poe-0.1,contents~poe-0.02,contents~poe-0.1,nonstructural~poe-0.02,nonstructural~poe-0.1,occupants~poe-0.02,occupants~poe-0.1,structural~poe-0.02,structural~poe-0.1,business_interruption_ins~poe-0.02,business_interruption_ins~poe-0.1,contents_ins~poe-0.02,contents_ins~poe-0.1,nonstructural_ins~poe-0.02,nonstructural_ins~poe-0.1,occupants_ins~poe-0.02,occupants_ins~poe-0.1,structural_ins~poe-0.02,structural_ins~poe-0.1
a3,"0.21","Com","02","tax1",-122.57000,38.11300,2.15989E+01,2.15989E+01,1.11015E+02,1.11015E+02,1.66523E+02,1.66523E+02,4.31978E-04,4.31978E-04,0.00000E+00,0.00000E+00,7.00000E-01,7.00000E-01,7.00000E-01,7.00000E-01,7.00000E-01,7.00000E-01,0.00000E+00,0.00000E+00,0.00000E+00,0.00000E+00
a2,"0.12","Res","01","tax2",-122.11400,38.11300,4.91663E+01,4.91663E+01,8.33532E+02,8.33532E+02,1.04847E+03,1.04847E+03,9.83326E-04,9.83326E-04,1.17251E+02,1.17251E+02,7.00000E-01,7.00000E-01,7.00000E-01,7.00000E-01,7.00000E-01,7.00000E-01,0.00000E+00,0.00000E+00,7.00000E-01,7.00000E-01
a5,"0.23","Res","02","tax1",-122.00000,37.91000,2.83453E+01,2.83453E+01,1.52374E+02,1.52374E+02,2.28561E+02,2.28561E+02,5.66907E-04,5.66907E-04,0.00000E+00,0.00000E+00,7.00000E-01,7.00000E-01,7.00000E-01,7.00000E-01,7.00000E-01,7.00000E-01,0.00000E+00,0.00000E+00,0.00000E+00,0.00000E+00
a4,"0.22","Res","02","tax3",-122.00000,38.00000,4.43843E+01,4.43843E+01,2.75853E+02,2.75853E+02,2.90216E+02,2.90216E+02,8.87687E-04,8.87687E-04,1.13824E+02,1.13824E+02,7.00000E-01,7.00000E-01,7.00000E-01,7.00000E-01,7.00000E-01,7.00000E-01,0.00000E+00,0.00000E+00,7.00000E-01,7.00000E-01
a1,"0.11","Res","01","tax1",-122.00000,38.11300,4.51641E+01,4.51641E+01,2.63838E+02,2.63838E+02,3.95756E+02,3.95756E+02,9.03281E-04,9.03281E-04,1.21753E+02,1.21753E+02,7.00000E-01,7.00000E-01,7.00000E-01,7.00000E-01,7.00000E-01,7.00000E-01,0.00000E+00,0.00000E+00,7.00000E-01,7.00000E-01
a6,"0.31","Res","03","tax2",-122.00000,38.22500,6.19607E+01,6.19607E+01,3.76730E+02,3.76730E+02,5.65095E+02,5.65095E+02,1.23921E-03,1.23921E-03,1.36623E+02,1.36623E+02,7.00000E-01,7.00000E-01,7.00000E-01,7.00000E-01,7.00000E-01,7.00000E-01,0.00000E+00,0.00000E+00,7.00000E-01,7.00000E-01
a7,"0.32","Res","03","tax1",-121.88600,38.11300,5.75180E+01,5.75180E+01,3.48820E+02,3.48820E+02,5.23231E+02,5.23231E+02,1.15036E-03,1.15036E-03,1.85632E+02,1.85632E+02,7.00000E-01,7.00000E-01,7.00000E-01,7.00000E-01,7.00000E-01,7.00000E-01,0.00000E+00,0.00000E+00,7.00000E-01,7.00000E-01
