asset_ref,cresta,occupancy,state,taxonomy,lon,lat,business_interruption,contents,nonstructural,occupants,structural
a3,"0.21","Com","02","tax1",-122.57000,38.11300,3.91487E+01,1.98491E+02,2.97736E+02,7.82973E-04,0.00000E+00
a2,"0.12","Res","01","tax2",-122.11400,38.11300,3.14112E+02,2.96289E+03,4.32841E+03,6.28224E-03,1.82897E+02
a5,"0.23","Res","02","tax1",-122.00000,37.91000,1.53771E+02,8.00142E+02,1.20021E+03,3.07543E-03,0.00000E+00
a4,"0.22","Res","02","tax3",-122.00000,38.00000,2.51705E+02,1.25464E+03,1.94252E+03,5.03410E-03,6.07451E+01
a1,"0.11","Res","01","tax1",-122.00000,38.11300,3.20821E+02,1.80547E+03,2.70821E+03,6.41641E-03,3.71951E+02
a6,"0.31","Res","03","tax2",-122.00000,38.22500,2.80237E+02,2.45282E+03,3.67923E+03,5.60475E-03,1.91125E+02
a7,"0.32","Res","03","tax1",-121.88600,38.11300,3.40231E+02,1.93904E+03,2.90855E+03,6.80461E-03,4.96794E+02
