asset_ref,cresta,occupancy,state,taxonomy,lon,lat,business_interruption~poe-0.02,business_interruption~poe-0.1,contents~poe-0.02,contents~poe-0.1,nonstructural~poe-0.02,nonstructural~poe-0.1,occupants~poe-0.02,occupants~poe-0.1,structural~poe-0.02,structural~poe-0.1,business_interruption_ins~poe-0.02,business_interruption_ins~poe-0.1,contents_ins~poe-0.02,contents_ins~poe-0.1,nonstructural_ins~poe-0.02,nonstructural_ins~poe-0.1,occupants_ins~poe-0.02,occupants_ins~poe-0.1,structural_ins~poe-0.02,structural_ins~poe-0.1
a3,"0.21","Com","02","tax1",-122.57000,38.11300,2.13247E+01,2.13247E+01,1.08555E+02,1.08555E+02,1.62833E+02,1.62833E+02,4.26495E-04,4.26495E-04,0.00000E+00,0.00000E+00,7.00000E-01,7.00000E-01,7.00000E-01,7.00000E-01,7.00000E-01,7.00000E-01,0.00000E+00,0.00000E+00,0.00000E+00,0.00000E+00
a2,"0.12","Res","01","tax2",-122.11400,38.11300,4.40093E+01,4.40093E+01,4.85919E+02,4.85919E+02,7.28878E+02,7.28878E+02,8.80186E-04,8.80186E-04,1.08744E+02,1.08744E+02,7.00000E-01,7.00000E-01,7.00000E-01,7.00000E-01,7.00000E-01,7.00000E-01,0.00000E+00,0.00000E+00,7.00000E-01,7.00000E-01
a5,"0.23","Res","02","tax1",-122.00000,37.91000,2.95722E+01,2.95722E+01,1.62282E+02,1.62282E+02,2.43423E+02,2.43423E+02,5.91443E-04,5.91443E-04,0.00000E+00,0.00000E+00,7.00000E-01,7.00000E-01,7.00000E-01,7.00000E-01,7.00000E-01,7.00000E-01,0.00000E+00,0.00000E+00,0.00000E+00,0.00000E+00
a4,"0.22","Res","02","tax3",-122.00000,38.00000,3.39828E+01,3.39828E+01,1.31891E+02,1.31891E+02,2.67978E+02,2.67978E+02,6.79656E-04,6.79656E-04,0.00000E+00,0.00000E+00,7.00000E-01,7.00000E-01,7.00000E-01,7.00000E-01,7.00000E-01,7.00000E-01,0.00000E+00,0.00000E+00,0.00000E+00,0.00000E+00
a1,"0.11","Res","01","tax1",-122.00000,38.11300,4.13479E+01,4.13479E+01,2.42691E+02,2.42691E+02,3.64036E+02,3.64036E+02,8.26957E-04,8.26957E-04,1.21746E+02,1.21746E+02,7.00000E-01,7.00000E-01,7.00000E-01,7.00000E-01,7.00000E-01,7.00000E-01,0.00000E+00,0.00000E+00,7.00000E-01,7.00000E-01
a6,"0.31","Res","03","tax2",-122.00000,38.22500,5.13400E+01,5.13400E+01,3.66811E+02,3.66811E+02,5.50216E+02,5.50216E+02,1.02680E-03,1.02680E-03,1.20998E+02,1.20998E+02,7.00000E-01,7.00000E-01,7.00000E-01,7.00000E-01,7.00000E-01,7.00000E-01,0.00000E+00,0.00000E+00,7.00000E-01,7.00000E-01
a7,"0.32","Res","03","tax1",-121.88600,38.11300,5.60040E+01,5.60040E+01,3.40729E+02,3.40729E+02,5.11093E+02,5.11093E+02,1.12008E-03,1.12008E-03,1.87332E+02,1.87332E+02,7.00000E-01,7.00000E-01,7.00000E-01,7.00000E-01,7.00000E-01,7.00000E-01,0.00000E+00,0.00000E+00,7.00000E-01,7.00000E-01
