asset_ref,cresta,occupancy,state,taxonomy,lon,lat,business_interruption~poe-0.02,business_interruption~poe-0.1,contents~poe-0.02,contents~poe-0.1,nonstructural~poe-0.02,nonstructural~poe-0.1,occupants~poe-0.02,occupants~poe-0.1,structural~poe-0.02,structural~poe-0.1,business_interruption_ins~poe-0.02,business_interruption_ins~poe-0.1,contents_ins~poe-0.02,contents_ins~poe-0.1,nonstructural_ins~poe-0.02,nonstructural_ins~poe-0.1,occupants_ins~poe-0.02,occupants_ins~poe-0.1,structural_ins~poe-0.02,structural_ins~poe-0.1
a3,"0.21","Com","02","tax1",-122.57000,38.11300,0.00000E+00,0.00000E+00,0.00000E+00,0.00000E+00,0.00000E+00,0.00000E+00,0.00000E+00,0.00000E+00,0.00000E+00,0.00000E+00,0.00000E+00,0.00000E+00,0.00000E+00,0.00000E+00,0.00000E+00,0.00000E+00,0.00000E+00,0.00000E+00,0.00000E+00,0.00000E+00
a2,"0.12","Res","01","tax2",-122.11400,38.11300,3.23638E+01,3.23638E+01,3.35238E+02,3.35238E+02,5.02857E+02,5.02857E+02,6.47276E-04,6.47276E-04,0.00000E+00,0.00000E+00,7.00000E-01,7.00000E-01,7.00000E-01,7.00000E-01,7.00000E-01,7.00000E-01,0.00000E+00,0.00000E+00,0.00000E+00,0.00000E+00
a5,"0.23","Res","02","tax1",-122.00000,37.91000,2.24632E+01,2.24632E+01,1.17550E+02,1.17550E+02,1.76326E+02,1.76326E+02,4.49265E-04,4.49265E-04,0.00000E+00,0.00000E+00,7.00000E-01,7.00000E-01,7.00000E-01,7.00000E-01,7.00000E-01,7.00000E-01,0.00000E+00,0.00000E+00,0.00000E+00,0.00000E+00
a4,"0.22","Res","02","tax3",-122.00000,38.00000,2.79725E+01,2.79725E+01,1.24735E+02,1.24735E+02,2.23648E+02,2.23648E+02,5.59450E-04,5.59450E-04,0.00000E+00,0.00000E+00,7.00000E-01,7.00000E-01,7.00000E-01,7.00000E-01,7.00000E-01,7.00000E-01,0.00000E+00,0.00000E+00,0.00000E+00,0.00000E+00
a1,"0.11","Res","01","tax1",-122.00000,38.11300,3.27659E+01,3.27659E+01,1.83986E+02,1.83986E+02,2.75980E+02,2.75980E+02,6.55319E-04,6.55319E-04,0.00000E+00,0.00000E+00,7.00000E-01,7.00000E-01,7.00000E-01,7.00000E-01,7.00000E-01,7.00000E-01,0.00000E+00,0.00000E+00,0.00000E+00,0.00000E+00
a6,"0.31","Res","03","tax2",-122.00000,38.22500,3.67354E+01,3.67354E+01,2.70549E+02,2.70549E+02,4.05823E+02,4.05823E+02,7.34709E-04,7.34709E-04,0.00000E+00,0.00000E+00,7.00000E-01,7.00000E-01,7.00000E-01,7.00000E-01,7.00000E-01,7.00000E-01,0.00000E+00,0.00000E+00,0.00000E+00,0.00000E+00
a7,"0.32","Res","03","tax1",-121.88600,38.11300,4.43890E+01,4.43890E+01,2.61001E+02,2.61001E+02,3.91502E+02,3.91502E+02,8.87781E-04,8.87781E-04,1.21275E+02,1.21275E+02,7.00000E-01,7.00000E-01,7.00000E-01,7.00000E-01,7.00000E-01,7.00000E-01,0.00000E+00,0.00000E+00,7.00000E-01,7.00000E-01
