[[1981.4681 2424.8984]
 [ 712.8535  943.2731]
 [ 986.7066 1440.0232]]