asset_ref,taxonomy,lon,lat,nonstructural~poe-0.1,structural~poe-0.1
a0,"RM",81.29850,29.10980,6.43807E+02,9.57366E+02
a1,"RC",83.08230,27.90060,6.68164E+01,1.88741E+02
a2,"W",85.74770,27.90150,8.24360E+01,6.32271E+02
a3,"RM",85.74770,27.90150,3.28016E+02,6.61632E+02
