=== ===========
rlz structural 
=== ===========
0   1.57435E+07
=== ===========