cat cat cat
cat cat cat
cat cat cat
cat cat cat
cat cat cat
dog cat dog
dog cat dog
dog cat dog
cat dog cat
cat dog cat
rabbit dog rabbit
dog dog dog
dog dog dog
dog dog dog
dog rabbit dog
dog rabbit dog
rabbit rabbit rabbit
rabbit rabbit rabbit
rabbit rabbit rabbit
rabbit rabbit rabbit
rabbit rabbit rabbit
rabbit rabbit rabbit
rabbit rabbit rabbit
rabbit rabbit rabbit
rabbit rabbit rabbit
rabbit rabbit rabbit
rabbit rabbit rabbit
