asset_ref,taxonomy,lon,lat,nonstructural~poe-0.1,structural~poe-0.1
a0,"RM",81.29850,29.10980,5.31075E+02,6.62700E+02
a1,"RC",83.08230,27.90060,6.56816E+01,1.64217E+02
a2,"W",85.74770,27.90150,8.14290E+01,6.06986E+02
a3,"RM",85.74770,27.90150,3.12500E+02,6.19727E+02
