========= ====== ==========
source_id grp_id structural
========= ====== ==========
3         0      18,930    
1         0      10,466    
2         0      1,318     
========= ====== ==========